Archive member included to satisfy reference by file (symbol)

c:/program files (x86)/atmel/studio/7.0/toolchain/avr8/avr8-gnu-toolchain/bin/../lib/gcc/avr/5.4.0/../../../../avr/lib/avrxmega4\libm.a(addsf3.o)
                              eeprommem.o (__subsf3)
c:/program files (x86)/atmel/studio/7.0/toolchain/avr8/avr8-gnu-toolchain/bin/../lib/gcc/avr/5.4.0/../../../../avr/lib/avrxmega4\libm.a(addsf3x.o)
                              c:/program files (x86)/atmel/studio/7.0/toolchain/avr8/avr8-gnu-toolchain/bin/../lib/gcc/avr/5.4.0/../../../../avr/lib/avrxmega4\libm.a(addsf3.o) (__addsf3x)
c:/program files (x86)/atmel/studio/7.0/toolchain/avr8/avr8-gnu-toolchain/bin/../lib/gcc/avr/5.4.0/../../../../avr/lib/avrxmega4\libm.a(divsf3.o)
                              eeprommem.o (__divsf3)
c:/program files (x86)/atmel/studio/7.0/toolchain/avr8/avr8-gnu-toolchain/bin/../lib/gcc/avr/5.4.0/../../../../avr/lib/avrxmega4\libm.a(divsf3x.o)
                              c:/program files (x86)/atmel/studio/7.0/toolchain/avr8/avr8-gnu-toolchain/bin/../lib/gcc/avr/5.4.0/../../../../avr/lib/avrxmega4\libm.a(divsf3.o) (__divsf3x)
c:/program files (x86)/atmel/studio/7.0/toolchain/avr8/avr8-gnu-toolchain/bin/../lib/gcc/avr/5.4.0/../../../../avr/lib/avrxmega4\libm.a(fixsfsi.o)
                              eeprommem.o (__fixsfsi)
c:/program files (x86)/atmel/studio/7.0/toolchain/avr8/avr8-gnu-toolchain/bin/../lib/gcc/avr/5.4.0/../../../../avr/lib/avrxmega4\libm.a(fixunssfsi.o)
                              eeprommem.o (__fixunssfsi)
c:/program files (x86)/atmel/studio/7.0/toolchain/avr8/avr8-gnu-toolchain/bin/../lib/gcc/avr/5.4.0/../../../../avr/lib/avrxmega4\libm.a(floatsisf.o)
                              eeprommem.o (__floatunsisf)
c:/program files (x86)/atmel/studio/7.0/toolchain/avr8/avr8-gnu-toolchain/bin/../lib/gcc/avr/5.4.0/../../../../avr/lib/avrxmega4\libm.a(fp_inf.o)
                              c:/program files (x86)/atmel/studio/7.0/toolchain/avr8/avr8-gnu-toolchain/bin/../lib/gcc/avr/5.4.0/../../../../avr/lib/avrxmega4\libm.a(addsf3x.o) (__fp_inf)
c:/program files (x86)/atmel/studio/7.0/toolchain/avr8/avr8-gnu-toolchain/bin/../lib/gcc/avr/5.4.0/../../../../avr/lib/avrxmega4\libm.a(fp_nan.o)
                              c:/program files (x86)/atmel/studio/7.0/toolchain/avr8/avr8-gnu-toolchain/bin/../lib/gcc/avr/5.4.0/../../../../avr/lib/avrxmega4\libm.a(addsf3x.o) (__fp_nan)
c:/program files (x86)/atmel/studio/7.0/toolchain/avr8/avr8-gnu-toolchain/bin/../lib/gcc/avr/5.4.0/../../../../avr/lib/avrxmega4\libm.a(fp_pscA.o)
                              c:/program files (x86)/atmel/studio/7.0/toolchain/avr8/avr8-gnu-toolchain/bin/../lib/gcc/avr/5.4.0/../../../../avr/lib/avrxmega4\libm.a(addsf3x.o) (__fp_pscA)
c:/program files (x86)/atmel/studio/7.0/toolchain/avr8/avr8-gnu-toolchain/bin/../lib/gcc/avr/5.4.0/../../../../avr/lib/avrxmega4\libm.a(fp_pscB.o)
                              c:/program files (x86)/atmel/studio/7.0/toolchain/avr8/avr8-gnu-toolchain/bin/../lib/gcc/avr/5.4.0/../../../../avr/lib/avrxmega4\libm.a(addsf3x.o) (__fp_pscB)
c:/program files (x86)/atmel/studio/7.0/toolchain/avr8/avr8-gnu-toolchain/bin/../lib/gcc/avr/5.4.0/../../../../avr/lib/avrxmega4\libm.a(fp_round.o)
                              c:/program files (x86)/atmel/studio/7.0/toolchain/avr8/avr8-gnu-toolchain/bin/../lib/gcc/avr/5.4.0/../../../../avr/lib/avrxmega4\libm.a(addsf3.o) (__fp_round)
c:/program files (x86)/atmel/studio/7.0/toolchain/avr8/avr8-gnu-toolchain/bin/../lib/gcc/avr/5.4.0/../../../../avr/lib/avrxmega4\libm.a(fp_split3.o)
                              c:/program files (x86)/atmel/studio/7.0/toolchain/avr8/avr8-gnu-toolchain/bin/../lib/gcc/avr/5.4.0/../../../../avr/lib/avrxmega4\libm.a(addsf3x.o) (__fp_split3)
c:/program files (x86)/atmel/studio/7.0/toolchain/avr8/avr8-gnu-toolchain/bin/../lib/gcc/avr/5.4.0/../../../../avr/lib/avrxmega4\libm.a(fp_zero.o)
                              c:/program files (x86)/atmel/studio/7.0/toolchain/avr8/avr8-gnu-toolchain/bin/../lib/gcc/avr/5.4.0/../../../../avr/lib/avrxmega4\libm.a(addsf3x.o) (__fp_zero)
c:/program files (x86)/atmel/studio/7.0/toolchain/avr8/avr8-gnu-toolchain/bin/../lib/gcc/avr/5.4.0/../../../../avr/lib/avrxmega4\libm.a(mulsf3.o)
                              eeprommem.o (__mulsf3)
c:/program files (x86)/atmel/studio/7.0/toolchain/avr8/avr8-gnu-toolchain/bin/../lib/gcc/avr/5.4.0/../../../../avr/lib/avrxmega4\libm.a(mulsf3x.o)
                              c:/program files (x86)/atmel/studio/7.0/toolchain/avr8/avr8-gnu-toolchain/bin/../lib/gcc/avr/5.4.0/../../../../avr/lib/avrxmega4\libm.a(mulsf3.o) (__mulsf3x)
c:/program files (x86)/atmel/studio/7.0/toolchain/avr8/avr8-gnu-toolchain/bin/../lib/gcc/avr/5.4.0/../../../../avr/lib/avrxmega4\libm.a(pow.o)
                              eeprommem.o (pow)
[...]
Memory Configuration

Name             Origin             Length             Attributes
text             0x00000000         0x00020000         xr
data             0x00804000         0x00004000         rw !x
eeprom           0x00810000         0x00000200         rw !x
fuse             0x00820000         0x00000010         rw !x
lock             0x00830000         0x00000400         rw !x
signature        0x00840000         0x00000400         rw !x
user_signatures  0x00850000         0x00000400         rw !x
*default*        0x00000000         0xffffffff

Linker script and memory map

Address of section .data set to 0x804000
                0x00008000                __RODATA_PM_OFFSET__ = 0x8000
LOAD C:/Program Files (x86)/Atmel/Studio/7.0/Packs/atmel/AVR-Dx_DFP/1.10.114/gcc/dev/avr128db48/avrxmega4/crtavr128db48.o
LOAD eeprommem.o
LOAD main.o
LOAD PWM.o
LOAD RPM.o
LOAD switchstates.o
LOAD twi_aht10.o
LOAD uart.o
START GROUP
LOAD c:/program files (x86)/atmel/studio/7.0/toolchain/avr8/avr8-gnu-toolchain/bin/../lib/gcc/avr/5.4.0/../../../../avr/lib/avrxmega4\libm.a
END GROUP
START GROUP
LOAD c:/program files (x86)/atmel/studio/7.0/toolchain/avr8/avr8-gnu-toolchain/bin/../lib/gcc/avr/5.4.0/avrxmega4\libgcc.a
LOAD c:/program files (x86)/atmel/studio/7.0/toolchain/avr8/avr8-gnu-toolchain/bin/../lib/gcc/avr/5.4.0/../../../../avr/lib/avrxmega4\libm.a
LOAD c:/program files (x86)/atmel/studio/7.0/toolchain/avr8/avr8-gnu-toolchain/bin/../lib/gcc/avr/5.4.0/../../../../avr/lib/avrxmega4\libc.a
LOAD C:/Program Files (x86)/Atmel/Studio/7.0/Packs/atmel/AVR-Dx_DFP/1.10.114/gcc/dev/avr128db48/avrxmega4\libavr128db48.a
END GROUP
                [0x00000000]                __TEXT_REGION_ORIGIN__ = DEFINED (__TEXT_REGION_ORIGIN__)?__TEXT_REGION_ORIGIN__:0x0
                [0x00804000]                __DATA_REGION_ORIGIN__ = DEFINED (__DATA_REGION_ORIGIN__)?__DATA_REGION_ORIGIN__:0x802000
                [0x00020000]                __TEXT_REGION_LENGTH__ = DEFINED (__TEXT_REGION_LENGTH__)?__TEXT_REGION_LENGTH__:0x100000
                [0x00004000]                __DATA_REGION_LENGTH__ = DEFINED (__DATA_REGION_LENGTH__)?__DATA_REGION_LENGTH__:0xffa0
                [0x00000200]                __EEPROM_REGION_LENGTH__ = DEFINED (__EEPROM_REGION_LENGTH__)?__EEPROM_REGION_LENGTH__:0x10000
                [0x00000010]                __FUSE_REGION_LENGTH__ = DEFINED (__FUSE_REGION_LENGTH__)?__FUSE_REGION_LENGTH__:0x400
                0x00000400                __LOCK_REGION_LENGTH__ = DEFINED (__LOCK_REGION_LENGTH__)?__LOCK_REGION_LENGTH__:0x400
                0x00000400                __SIGNATURE_REGION_LENGTH__ = DEFINED (__SIGNATURE_REGION_LENGTH__)?__SIGNATURE_REGION_LENGTH__:0x400
                0x00000400                __USER_SIGNATURE_REGION_LENGTH__ = DEFINED (__USER_SIGNATURE_REGION_LENGTH__)?__USER_SIGNATURE_REGION_LENGTH__:0x400

.hash
 *(.hash)

.dynsym
 *(.dynsym)

.dynstr
 *(.dynstr)

.gnu.version
 *(.gnu.version)

.gnu.version_d
 *(.gnu.version_d)

.gnu.version_r
 *(.gnu.version_r)

.rel.init
 *(.rel.init)

.rela.init
 *(.rela.init)

.rel.text
 *(.rel.text)
 *(.rel.text.*)
 *(.rel.gnu.linkonce.t*)

.rela.text
 *(.rela.text)
 *(.rela.text.*)
 *(.rela.gnu.linkonce.t*)

.rel.fini
 *(.rel.fini)

.rela.fini
 *(.rela.fini)

.rel.rodata
 *(.rel.rodata)
 *(.rel.rodata.*)
 *(.rel.gnu.linkonce.r*)

.rela.rodata
 *(.rela.rodata)
 *(.rela.rodata.*)
 *(.rela.gnu.linkonce.r*)

.rel.data
 *(.rel.data)
 *(.rel.data.*)
 *(.rel.gnu.linkonce.d*)

.rela.data
 *(.rela.data)
 *(.rela.data.*)
 *(.rela.gnu.linkonce.d*)

.rel.ctors
 *(.rel.ctors)

.rela.ctors
 *(.rela.ctors)

.rel.dtors
 *(.rel.dtors)

.rela.dtors
 *(.rela.dtors)

.rel.got
 *(.rel.got)

.rela.got
 *(.rela.got)

.rel.bss
 *(.rel.bss)

.rela.bss
 *(.rela.bss)

.rel.plt
 *(.rel.plt)

.rela.plt
 *(.rela.plt)

.text           0x00000000     0x2792
 *(.vectors)
 .vectors       0x00000000       0xf4 C:/Program Files (x86)/Atmel/Studio/7.0/Packs/atmel/AVR-Dx_DFP/1.10.114/gcc/dev/avr128db48/avrxmega4/crtavr128db48.o
                0x00000000                __vector_default
                0x00000000                __vectors
 *(.vectors)
 *(.progmem.gcc*)
 .progmem.gcc_sw_table.fan_choice
                0x000000f4       0x12 switchstates.o
 .progmem.gcc_sw_table.readeeprom
                0x00000106       0x12 switchstates.o
 .progmem.gcc_fplib
                0x00000118       0x28 c:/program files (x86)/atmel/studio/7.0/toolchain/avr8/avr8-gnu-toolchain/bin/../lib/gcc/avr/5.4.0/../../../../avr/lib/avrxmega4\libm.a(exp.o)
 .progmem.gcc_fplib
                0x00000140       0x5a c:/program files (x86)/atmel/studio/7.0/toolchain/avr8/avr8-gnu-toolchain/bin/../lib/gcc/avr/5.4.0/../../../../avr/lib/avrxmega4\libm.a(log.o)
                0x0000019a                . = ALIGN (0x2)
                0x0000019a                __trampolines_start = .
 *(.trampolines)
 .trampolines   0x0000019a        0x0 linker stubs
 *(.trampolines*)
                0x0000019a                __trampolines_end = .
 *libprintf_flt.a:*(.progmem.data)
 *libc.a:*(.progmem.data)
 *(.progmem*)
                0x0000019a                . = ALIGN (0x2)
 *(.jumptables)
 *(.jumptables*)
 *(.lowtext)
 *(.lowtext*)
                0x0000019a                __ctors_start = .
 *(.ctors)
                0x0000019a                __ctors_end = .
                0x0000019a                __dtors_start = .
 *(.dtors)
                0x0000019a                __dtors_end = .
 SORT(*)(.ctors)
 SORT(*)(.dtors)
 *(.init0)
 .init0         0x0000019a        0x0 C:/Program Files (x86)/Atmel/Studio/7.0/Packs/atmel/AVR-Dx_DFP/1.10.114/gcc/dev/avr128db48/avrxmega4/crtavr128db48.o
                0x0000019a                __init
 *(.init0)
 *(.init1)
 *(.init1)
 *(.init2)
 .init2         0x0000019a        0xc C:/Program Files (x86)/Atmel/Studio/7.0/Packs/atmel/AVR-Dx_DFP/1.10.114/gcc/dev/avr128db48/avrxmega4/crtavr128db48.o
 *(.init2)
 *(.init3)
 *(.init3)
 *(.init4)
 .init4         0x000001a6       0x1a c:/program files (x86)/atmel/studio/7.0/toolchain/avr8/avr8-gnu-toolchain/bin/../lib/gcc/avr/5.4.0/avrxmega4\libgcc.a(_copy_data.o)
                0x000001a6                __do_copy_data
 .init4         0x000001c0       0x10 c:/program files (x86)/atmel/studio/7.0/toolchain/avr8/avr8-gnu-toolchain/bin/../lib/gcc/avr/5.4.0/avrxmega4\libgcc.a(_clear_bss.o)
                0x000001c0                __do_clear_bss
 *(.init4)
 *(.init5)
 *(.init5)
 *(.init6)
 *(.init6)
 *(.init7)
 *(.init7)
 *(.init8)
 *(.init8)
 *(.init9)
 .init9         0x000001d0        0x8 C:/Program Files (x86)/Atmel/Studio/7.0/Packs/atmel/AVR-Dx_DFP/1.10.114/gcc/dev/avr128db48/avrxmega4/crtavr128db48.o
 *(.init9)
 *(.text)
 .text          0x000001d8        0x4 C:/Program Files (x86)/Atmel/Studio/7.0/Packs/atmel/AVR-Dx_DFP/1.10.114/gcc/dev/avr128db48/avrxmega4/crtavr128db48.o
                0x000001d8                __vector_38
                0x000001d8                __vector_22
                0x000001d8                __vector_28
                0x000001d8                __vector_1
                0x000001d8                __vector_32
                0x000001d8                __vector_34
                0x000001d8                __vector_24
                0x000001d8                __vector_12
                0x000001d8                __vector_55
                0x000001d8                __vector_46
                0x000001d8                __bad_interrupt
                0x000001d8                __vector_6
                0x000001d8                __vector_31
                0x000001d8                __vector_35
                0x000001d8                __vector_39
                0x000001d8                __vector_3
                0x000001d8                __vector_23
                0x000001d8                __vector_30
                0x000001d8                __vector_45
                0x000001d8                __vector_25
                0x000001d8                __vector_11
                0x000001d8                __vector_54
                0x000001d8                __vector_13
                0x000001d8                __vector_17
                0x000001d8                __vector_19
                0x000001d8                __vector_56
                0x000001d8                __vector_7
                0x000001d8                __vector_49
                0x000001d8                __vector_41
                0x000001d8                __vector_43
                0x000001d8                __vector_27
                0x000001d8                __vector_5
                0x000001d8                __vector_33
                0x000001d8                __vector_47
                0x000001d8                __vector_52
                0x000001d8                __vector_37
                0x000001d8                __vector_4
                0x000001d8                __vector_44
                0x000001d8                __vector_51
                0x000001d8                __vector_9
                0x000001d8                __vector_2
                0x000001d8                __vector_21
                0x000001d8                __vector_15
                0x000001d8                __vector_36
                0x000001d8                __vector_58
                0x000001d8                __vector_29
                0x000001d8                __vector_60
                0x000001d8                __vector_40
                0x000001d8                __vector_8
                0x000001d8                __vector_26
                0x000001d8                __vector_48
                0x000001d8                __vector_57
                0x000001d8                __vector_10
                0x000001d8                __vector_50
                0x000001d8                __vector_16
                0x000001d8                __vector_59
                0x000001d8                __vector_18
                0x000001d8                __vector_20
                0x000001d8                __vector_42
                0x000001dc                . = ALIGN (0x2)
 *(.text.*)
 .text.eeprom_check_ready
                0x000001dc        0xa eeprommem.o
                0x000001dc                eeprom_check_ready
 .text.average_rpm
                0x000001e6      0x384 eeprommem.o
                0x000001e6                average_rpm
 .text.eeprom_current_adress_boot
                0x0000056a       0x98 eeprommem.o
                0x0000056a                eeprom_current_adress_boot
 .text.initialize_adresses
                0x00000602       0x82 eeprommem.o
                0x00000602                initialize_adresses
 .text.read_data_rpm_eeprom
                0x00000684       0x9e eeprommem.o
                0x00000684                read_data_rpm_eeprom
 .text.adress_space_clear
                0x00000722       0x52 eeprommem.o
                0x00000722                adress_space_clear
 .text.main     0x00000774      0x106 main.o
                0x00000774                main
 .text.__vector_14
                0x0000087a       0xcc main.o
                0x0000087a                __vector_14
 .text.__vector_53
                0x00000946       0x64 main.o
                0x00000946                __vector_53
 .text.speed_controll_0
                0x000009aa       0x36 PWM.o
                0x000009aa                speed_controll_0
 .text.speed_controll_1
                0x000009e0       0x36 PWM.o
                0x000009e0                speed_controll_1
 .text.speed_controll_2
                0x00000a16       0x36 PWM.o
                0x00000a16                speed_controll_2
 .text.speed_controll_3
                0x00000a4c       0x36 PWM.o
                0x00000a4c                speed_controll_3
 .text.speed_controll_4
                0x00000a82       0x36 PWM.o
                0x00000a82                speed_controll_4
 .text.speed_controll_5
                0x00000ab8       0x36 PWM.o
                0x00000ab8                speed_controll_5
 .text.speed_controll_6
                0x00000aee       0x4c PWM.o
                0x00000aee                speed_controll_6
 .text.speed_controll_7
                0x00000b3a       0x4c PWM.o
                0x00000b3a                speed_controll_7
 .text.TCA0_init
                0x00000b86       0x20 PWM.o
                0x00000b86                TCA0_init
 .text.PORT_init
                0x00000ba6       0x3a PWM.o
                0x00000ba6                PORT_init
 .text.TCB0_init
                0x00000be0       0x16 RPM.o
                0x00000be0                TCB0_init
 .text.EVSYS_init
                0x00000bf6        0xe RPM.o
                0x00000bf6                EVSYS_init
 .text.initialize_rpm
                0x00000c04       0x1a RPM.o
                0x00000c04                initialize_rpm
 .text.RPM_value
                0x00000c1e        0x2 RPM.o
                0x00000c1e                RPM_value
 .text.percentageVifte
                0x00000c20       0xa0 switchstates.o
                0x00000c20                percentageVifte
 .text.fan_choice
                0x00000cc0      0x2b0 switchstates.o
                0x00000cc0                fan_choice
 .text.manualMenu
                0x00000f70       0x84 switchstates.o
                0x00000f70                manualMenu
 .text.modesMenu
                0x00000ff4       0xac switchstates.o
                0x00000ff4                modesMenu
 .text.automaticspeed
                0x000010a0       0x54 switchstates.o
                0x000010a0                automaticspeed
 .text.readeeprom
                0x000010f4      0x148 switchstates.o
                0x000010f4                readeeprom
 .text.dataMenu
                0x0000123c       0x6e switchstates.o
                0x0000123c                dataMenu
 .text.startMenu
                0x000012aa       0x7e switchstates.o
                0x000012aa                startMenu
 .text.TWI0_M_init
                0x00001328       0x1e twi_aht10.o
 .text.I2C0_M_start
                0x00001346       0x30 twi_aht10.o
 .text.I2C_M_read
                0x00001376       0x60 twi_aht10.o
 .text.I2C_M_write
                0x000013d6       0x60 twi_aht10.o
 .text.twi_master_init_aht10
                0x00001436       0x50 twi_aht10.o
                0x00001436                twi_master_init_aht10
 .text.read_aht10_data
                0x00001486      0x108 twi_aht10.o
                0x00001486                read_aht10_data
 .text.USART3_init
                0x0000158e       0x2c uart.o
                0x0000158e                USART3_init
 .text.USART3_sendChar
                0x000015ba        0xe uart.o
                0x000015ba                USART3_sendChar
 .text.USART3_printChar
                0x000015c8        0xa uart.o
 .text.USART3_read
                0x000015d2       0x1a uart.o
                0x000015d2                USART3_read
 .text.compareCommands
                0x000015ec       0x50 uart.o
                0x000015ec                compareCommands
 .text.avr-libc.fplib
                0x0000163c        0xe c:/program files (x86)/atmel/studio/7.0/toolchain/avr8/avr8-gnu-toolchain/bin/../lib/gcc/avr/5.4.0/../../../../avr/lib/avrxmega4\libm.a(addsf3.o)
                0x0000163c                __subsf3
                0x0000163e                __addsf3
 .text.avr-libc.fplib
                0x0000164a       0xcc c:/program files (x86)/atmel/studio/7.0/toolchain/avr8/avr8-gnu-toolchain/bin/../lib/gcc/avr/5.4.0/../../../../avr/lib/avrxmega4\libm.a(addsf3x.o)
                0x0000166c                __addsf3x
 .text.avr-libc.fplib
                0x00001716        0x8 c:/program files (x86)/atmel/studio/7.0/toolchain/avr8/avr8-gnu-toolchain/bin/../lib/gcc/avr/5.4.0/../../../../avr/lib/avrxmega4\libm.a(divsf3.o)
                0x00001716                __divsf3
 .text.avr-libc.fplib
                0x0000171e       0xdc c:/program files (x86)/atmel/studio/7.0/toolchain/avr8/avr8-gnu-toolchain/bin/../lib/gcc/avr/5.4.0/../../../../avr/lib/avrxmega4\libm.a(divsf3x.o)
                0x0000173e                __divsf3x
                0x00001744                __divsf3_pse
 .text.avr-libc.fplib
                0x000017fa        0xe c:/program files (x86)/atmel/studio/7.0/toolchain/avr8/avr8-gnu-toolchain/bin/../lib/gcc/avr/5.4.0/../../../../avr/lib/avrxmega4\libm.a(fixsfsi.o)
                0x000017fa                __fixsfsi
 .text.avr-libc.fplib
                0x00001808       0x5e c:/program files (x86)/atmel/studio/7.0/toolchain/avr8/avr8-gnu-toolchain/bin/../lib/gcc/avr/5.4.0/../../../../avr/lib/avrxmega4\libm.a(fixunssfsi.o)
                0x00001808                __fixunssfsi
 .text.avr-libc.fplib
                0x00001866       0x7a c:/program files (x86)/atmel/studio/7.0/toolchain/avr8/avr8-gnu-toolchain/bin/../lib/gcc/avr/5.4.0/../../../../avr/lib/avrxmega4\libm.a(floatsisf.o)
                0x00001866                __floatunsisf
                0x0000186a                __floatsisf
 .text.avr-libc.fplib
                0x000018e0        0xc c:/program files (x86)/atmel/studio/7.0/toolchain/avr8/avr8-gnu-toolchain/bin/../lib/gcc/avr/5.4.0/../../../../avr/lib/avrxmega4\libm.a(fp_inf.o)
                0x000018e0                __fp_inf
 .text.avr-libc.fplib
                0x000018ec        0x6 c:/program files (x86)/atmel/studio/7.0/toolchain/avr8/avr8-gnu-toolchain/bin/../lib/gcc/avr/5.4.0/../../../../avr/lib/avrxmega4\libm.a(fp_nan.o)
                0x000018ec                __fp_nan
 .text.avr-libc.fplib
                0x000018f2        0xe c:/program files (x86)/atmel/studio/7.0/toolchain/avr8/avr8-gnu-toolchain/bin/../lib/gcc/avr/5.4.0/../../../../avr/lib/avrxmega4\libm.a(fp_pscA.o)
                0x000018f2                __fp_pscA
 .text.avr-libc.fplib
                0x00001900        0xe c:/program files (x86)/atmel/studio/7.0/toolchain/avr8/avr8-gnu-toolchain/bin/../lib/gcc/avr/5.4.0/../../../../avr/lib/avrxmega4\libm.a(fp_pscB.o)
                0x00001900                __fp_pscB
 .text.avr-libc.fplib
                0x0000190e       0x22 c:/program files (x86)/atmel/studio/7.0/toolchain/avr8/avr8-gnu-toolchain/bin/../lib/gcc/avr/5.4.0/../../../../avr/lib/avrxmega4\libm.a(fp_round.o)
                0x0000190e                __fp_round
 .text.avr-libc.fplib
                0x00001930       0x44 c:/program files (x86)/atmel/studio/7.0/toolchain/avr8/avr8-gnu-toolchain/bin/../lib/gcc/avr/5.4.0/../../../../avr/lib/avrxmega4\libm.a(fp_split3.o)
                0x00001930                __fp_split3
                0x00001940                __fp_splitA
 .text.avr-libc.fplib
                0x00001974        0xe c:/program files (x86)/atmel/studio/7.0/toolchain/avr8/avr8-gnu-toolchain/bin/../lib/gcc/avr/5.4.0/../../../../avr/lib/avrxmega4\libm.a(fp_zero.o)
                0x00001974                __fp_zero
                0x00001976                __fp_szero
 .text.avr-libc.fplib
                0x00001982        0x8 c:/program files (x86)/atmel/studio/7.0/toolchain/avr8/avr8-gnu-toolchain/bin/../lib/gcc/avr/5.4.0/../../../../avr/lib/avrxmega4\libm.a(mulsf3.o)
                0x00001982                __mulsf3
 .text.avr-libc.fplib
                0x0000198a       0xd2 c:/program files (x86)/atmel/studio/7.0/toolchain/avr8/avr8-gnu-toolchain/bin/../lib/gcc/avr/5.4.0/../../../../avr/lib/avrxmega4\libm.a(mulsf3x.o)
                0x000019a8                __mulsf3x
                0x000019ae                __mulsf3_pse
 .text.avr-libc.fplib
                0x00001a5c       0xa0 c:/program files (x86)/atmel/studio/7.0/toolchain/avr8/avr8-gnu-toolchain/bin/../lib/gcc/avr/5.4.0/../../../../avr/lib/avrxmega4\libm.a(pow.o)
                0x00001a5c                pow
 .text.avr-libc.fplib
                0x00001afc       0x74 c:/program files (x86)/atmel/studio/7.0/toolchain/avr8/avr8-gnu-toolchain/bin/../lib/gcc/avr/5.4.0/../../../../avr/lib/avrxmega4\libm.a(exp.o)
                0x00001b0c                exp
 .text.avr-libc.fplib
                0x00001b70       0x4e c:/program files (x86)/atmel/studio/7.0/toolchain/avr8/avr8-gnu-toolchain/bin/../lib/gcc/avr/5.4.0/../../../../avr/lib/avrxmega4\libm.a(fp_powser.o)
                0x00001b70                __fp_powser
 .text.avr-libc.fplib
                0x00001bbe       0x10 c:/program files (x86)/atmel/studio/7.0/toolchain/avr8/avr8-gnu-toolchain/bin/../lib/gcc/avr/5.4.0/../../../../avr/lib/avrxmega4\libm.a(inverse.o)
                0x00001bbe                inverse
 .text.avr-libc.fplib
                0x00001bce       0x74 c:/program files (x86)/atmel/studio/7.0/toolchain/avr8/avr8-gnu-toolchain/bin/../lib/gcc/avr/5.4.0/../../../../avr/lib/avrxmega4\libm.a(ldexp.o)
                0x00001bd6                ldexp
 .text.avr-libc.fplib
                0x00001c42       0xa0 c:/program files (x86)/atmel/studio/7.0/toolchain/avr8/avr8-gnu-toolchain/bin/../lib/gcc/avr/5.4.0/../../../../avr/lib/avrxmega4\libm.a(log.o)
                0x00001c52                log
 .text.avr-libc.fplib
                0x00001ce2       0x68 c:/program files (x86)/atmel/studio/7.0/toolchain/avr8/avr8-gnu-toolchain/bin/../lib/gcc/avr/5.4.0/../../../../avr/lib/avrxmega4\libm.a(modf.o)
                0x00001ce2                modf
                0x00001ce2                modff
 .text.avr-libc.fplib
                0x00001d4a       0x1c c:/program files (x86)/atmel/studio/7.0/toolchain/avr8/avr8-gnu-toolchain/bin/../lib/gcc/avr/5.4.0/../../../../avr/lib/avrxmega4\libm.a(fp_mpack.o)
                0x00001d4a                __fp_mpack
                0x00001d4e                __fp_mpack_finite
 .text.libgcc.div
                0x00001d66       0x28 c:/program files (x86)/atmel/studio/7.0/toolchain/avr8/avr8-gnu-toolchain/bin/../lib/gcc/avr/5.4.0/avrxmega4\libgcc.a(_divmodhi4.o)
                0x00001d66                _div
                0x00001d66                __divmodhi4
 .text.libgcc   0x00001d8e       0x12 c:/program files (x86)/atmel/studio/7.0/toolchain/avr8/avr8-gnu-toolchain/bin/../lib/gcc/avr/5.4.0/avrxmega4\libgcc.a(_tablejump2.o)
                0x00001d8e                __tablejump2__
 .text.libgcc.div
                0x00001da0       0x28 c:/program files (x86)/atmel/studio/7.0/toolchain/avr8/avr8-gnu-toolchain/bin/../lib/gcc/avr/5.4.0/avrxmega4\libgcc.a(_udivmodhi4.o)
                0x00001da0                __udivmodhi4
 .text.avr-libc
                0x00001dc8      0x25c c:/program files (x86)/atmel/studio/7.0/toolchain/avr8/avr8-gnu-toolchain/bin/../lib/gcc/avr/5.4.0/../../../../avr/lib/avrxmega4\libc.a(strtol.o)
                0x00001dc8                strtol
 .text.avr-libc
                0x00002024       0x3c c:/program files (x86)/atmel/studio/7.0/toolchain/avr8/avr8-gnu-toolchain/bin/../lib/gcc/avr/5.4.0/../../../../avr/lib/avrxmega4\libc.a(atoi.o)
                0x00002024                atoi
 .text.avr-libc
                0x00002060       0x12 c:/program files (x86)/atmel/studio/7.0/toolchain/avr8/avr8-gnu-toolchain/bin/../lib/gcc/avr/5.4.0/../../../../avr/lib/avrxmega4\libc.a(isspace.o)
                0x00002060                isspace
 .text.avr-libc
                0x00002072       0x1c c:/program files (x86)/atmel/studio/7.0/toolchain/avr8/avr8-gnu-toolchain/bin/../lib/gcc/avr/5.4.0/../../../../avr/lib/avrxmega4\libc.a(strncmp.o)
                0x00002072                strncmp
 .text.avr-libc
                0x0000208e       0x10 c:/program files (x86)/atmel/studio/7.0/toolchain/avr8/avr8-gnu-toolchain/bin/../lib/gcc/avr/5.4.0/../../../../avr/lib/avrxmega4\libc.a(mul10.o)
                0x0000208e                __mulhi_const_10
 .text.avr-libc
                0x0000209e       0x28 c:/program files (x86)/atmel/studio/7.0/toolchain/avr8/avr8-gnu-toolchain/bin/../lib/gcc/avr/5.4.0/../../../../avr/lib/avrxmega4\libc.a(printf.o)
                0x0000209e                printf
 .text.avr-libc
                0x000020c6        0xc c:/program files (x86)/atmel/studio/7.0/toolchain/avr8/avr8-gnu-toolchain/bin/../lib/gcc/avr/5.4.0/../../../../avr/lib/avrxmega4\libc.a(putchar.o)
                0x000020c6                putchar
 .text.avr-libc
                0x000020d2       0x60 c:/program files (x86)/atmel/studio/7.0/toolchain/avr8/avr8-gnu-toolchain/bin/../lib/gcc/avr/5.4.0/../../../../avr/lib/avrxmega4\libc.a(puts.o)
                0x000020d2                puts
 .text.avr-libc
                0x00002132      0x408 c:/program files (x86)/atmel/studio/7.0/toolchain/avr8/avr8-gnu-toolchain/bin/../lib/gcc/avr/5.4.0/../../../../avr/lib/avrxmega4\libc.a(vfprintf_std.o)
                0x00002132                vfprintf
 .text.avr-libc
                0x0000253a        0x6 c:/program files (x86)/atmel/studio/7.0/toolchain/avr8/avr8-gnu-toolchain/bin/../lib/gcc/avr/5.4.0/../../../../avr/lib/avrxmega4\libc.a(cty_isfalse.o)
                0x0000253a                __ctype_isfalse
                0x0000253e                __ctype_istrue
 .text.avr-libc
                0x00002540       0x16 c:/program files (x86)/atmel/studio/7.0/toolchain/avr8/avr8-gnu-toolchain/bin/../lib/gcc/avr/5.4.0/../../../../avr/lib/avrxmega4\libc.a(strnlen_P.o)
                0x00002540                strnlen_P
 .text.avr-libc
                0x00002556       0x16 c:/program files (x86)/atmel/studio/7.0/toolchain/avr8/avr8-gnu-toolchain/bin/../lib/gcc/avr/5.4.0/../../../../avr/lib/avrxmega4\libc.a(strnlen.o)
                0x00002556                strnlen
 .text.avr-libc
                0x0000256c       0x78 c:/program files (x86)/atmel/studio/7.0/toolchain/avr8/avr8-gnu-toolchain/bin/../lib/gcc/avr/5.4.0/../../../../avr/lib/avrxmega4\libc.a(fputc.o)
                0x0000256c                fputc
 .text.avr-libc
                0x000025e4       0xbc c:/program files (x86)/atmel/studio/7.0/toolchain/avr8/avr8-gnu-toolchain/bin/../lib/gcc/avr/5.4.0/../../../../avr/lib/avrxmega4\libc.a(ultoa_invert.o)
                0x000025e4                __ultoa_invert
 .text.avr-libc
                0x000026a0       0x10 C:/Program Files (x86)/Atmel/Studio/7.0/Packs/atmel/AVR-Dx_DFP/1.10.114/gcc/dev/avr128db48/avrxmega4\libavr128db48.a(eerd_byte.o)
                0x000026a0                eeprom_read_byte
                0x000026a8                eeprom_mapen
 .text.avr-libc
                0x000026b0       0x16 C:/Program Files (x86)/Atmel/Studio/7.0/Packs/atmel/AVR-Dx_DFP/1.10.114/gcc/dev/avr128db48/avrxmega4\libavr128db48.a(eeupd_byte.o)
                0x000026b0                eeprom_update_byte
                0x000026b2                eeprom_update_r18
 .text.avr-libc
                0x000026c6       0x30 C:/Program Files (x86)/Atmel/Studio/7.0/Packs/atmel/AVR-Dx_DFP/1.10.114/gcc/dev/avr128db48/avrxmega4\libavr128db48.a(eewr_byte.o)
                0x000026c6                eeprom_write_byte
                0x000026c8                eeprom_write_r18
 .text.libgcc.mul
                0x000026f6       0x20 c:/program files (x86)/atmel/studio/7.0/toolchain/avr8/avr8-gnu-toolchain/bin/../lib/gcc/avr/5.4.0/avrxmega4\libgcc.a(_mulsi3.o)
                0x000026f6                __mulsi3
 .text.libgcc.div
                0x00002716       0x44 c:/program files (x86)/atmel/studio/7.0/toolchain/avr8/avr8-gnu-toolchain/bin/../lib/gcc/avr/5.4.0/avrxmega4\libgcc.a(_udivmodsi4.o)
                0x00002716                __udivmodsi4
 .text.libgcc.mul
                0x0000275a       0x16 c:/program files (x86)/atmel/studio/7.0/toolchain/avr8/avr8-gnu-toolchain/bin/../lib/gcc/avr/5.4.0/avrxmega4\libgcc.a(_muluhisi3.o)
                0x0000275a                __muluhisi3
 .text.libgcc.mul
                0x00002770       0x1e c:/program files (x86)/atmel/studio/7.0/toolchain/avr8/avr8-gnu-toolchain/bin/../lib/gcc/avr/5.4.0/avrxmega4\libgcc.a(_umulhisi3.o)
                0x00002770                __umulhisi3
                0x0000278e                . = ALIGN (0x2)
 *(.fini9)
 .fini9         0x0000278e        0x0 c:/program files (x86)/atmel/studio/7.0/toolchain/avr8/avr8-gnu-toolchain/bin/../lib/gcc/avr/5.4.0/avrxmega4\libgcc.a(_exit.o)
                0x0000278e                _exit
                0x0000278e                exit
 *(.fini9)
 *(.fini8)
 *(.fini8)
 *(.fini7)
 *(.fini7)
 *(.fini6)
 *(.fini6)
 *(.fini5)
 *(.fini5)
 *(.fini4)
 *(.fini4)
 *(.fini3)
 *(.fini3)
 *(.fini2)
 *(.fini2)
 *(.fini1)
 *(.fini1)
 *(.fini0)
 .fini0         0x0000278e        0x4 c:/program files (x86)/atmel/studio/7.0/toolchain/avr8/avr8-gnu-toolchain/bin/../lib/gcc/avr/5.4.0/avrxmega4\libgcc.a(_exit.o)
 *(.fini0)
                0x00002792                _etext = .

.data           0x00804000      0x56c load address 0x00002792
                0x00804000                PROVIDE (__data_start, .)
 *(.data)
 *(.data*)
 .data.n_count_adress8
                0x00804000        0x2 eeprommem.o
                0x00804000                n_count_adress8
 .data.n_count_adress7
                0x00804002        0x2 eeprommem.o
                0x00804002                n_count_adress7
 .data.n_count_adress6
                0x00804004        0x2 eeprommem.o
                0x00804004                n_count_adress6
 .data.n_count_adress5
                0x00804006        0x2 eeprommem.o
                0x00804006                n_count_adress5
 .data.n_count_adress4
                0x00804008        0x2 eeprommem.o
                0x00804008                n_count_adress4
 .data.n_count_adress3
                0x0080400a        0x2 eeprommem.o
                0x0080400a                n_count_adress3
 .data.n_count_adress2
                0x0080400c        0x2 eeprommem.o
                0x0080400c                n_count_adress2
 .data.n_count_adress1
                0x0080400e        0x2 eeprommem.o
                0x0080400e                n_count_adress1
 .data.choicearray
                0x00804010       0x12 switchstates.o
 .data.auto_flag
                0x00804022        0x1 switchstates.o
                0x00804022                auto_flag
 .data.USART_stream
                0x00804023        0xe uart.o
 *(.gnu.linkonce.d*)
 *(.rodata)
 *(.rodata*)
 .rodata.str1.1
                0x00804031      0x125 eeprommem.o
                                0x12e (size before relaxing)
 .rodata.start_fan_adress8
                0x00804156        0x2 eeprommem.o
 .rodata.start_fan_adress7
                0x00804158        0x2 eeprommem.o
 .rodata.start_fan_adress6
                0x0080415a        0x2 eeprommem.o
 .rodata.start_fan_adress5
                0x0080415c        0x2 eeprommem.o
 .rodata.start_fan_adress4
                0x0080415e        0x2 eeprommem.o
 .rodata.start_fan_adress3
                0x00804160        0x2 eeprommem.o
 .rodata.start_fan_adress2
                0x00804162        0x2 eeprommem.o
 .rodata.start_fan_adress1
                0x00804164        0x2 eeprommem.o
 .rodata.str1.1
                0x00804166      0x3b9 switchstates.o
                                0x3c7 (size before relaxing)
 .rodata.start_fan_adress8
                0x0080451f        0x2 switchstates.o
 .rodata.start_fan_adress7
                0x00804521        0x2 switchstates.o
 .rodata.start_fan_adress6
                0x00804523        0x2 switchstates.o
 .rodata.start_fan_adress5
                0x00804525        0x2 switchstates.o
 .rodata.start_fan_adress4
                0x00804527        0x2 switchstates.o
 .rodata.start_fan_adress3
                0x00804529        0x2 switchstates.o
 .rodata.start_fan_adress2
                0x0080452b        0x2 switchstates.o
 .rodata.start_fan_adress1
                0x0080452d        0x2 switchstates.o
 .rodata.str1.1
                0x0080452f       0x3d twi_aht10.o
 *(.gnu.linkonce.r*)
                0x0080456c                . = ALIGN (0x2)
                0x0080456c                _edata = .
                0x0080456c                PROVIDE (__data_end, .)

.bss            0x0080456c       0x64
                0x0080456c                PROVIDE (__bss_start, .)
 *(.bss)
 *(.bss*)
 .bss.i         0x0080456c        0x2 eeprommem.o
 .bss.data_read
                0x0080456e        0x1 eeprommem.o
 .bss.signal_period
                0x0080456f        0x2 main.o
                0x0080456f                signal_period
 .bss.signal_pulse
                0x00804571        0x2 main.o
                0x00804571                signal_pulse
 .bss.data_ready_flag
                0x00804573        0x1 main.o
 .bss.index     0x00804574        0x1 main.o
 .bss.set_speed_flag
                0x00804575        0x1 switchstates.o
                0x00804575                set_speed_flag
 *(COMMON)
 COMMON         0x00804576       0x52 eeprommem.o
                0x00804576                store_rpm2
                0x0080457a                frequency
                0x0080457c                fan_var
                0x0080457d                store_rpm8
                0x00804581                manual_var
                0x00804582                store_rpm4
                0x00804586                start_var
                0x00804587                command
                0x00804591                data_var
                0x00804592                store_rpm1
                0x00804596                RPM
                0x00804598                store_rpm5
                0x0080459c                recived
                0x0080459d                current_fan_adress3
                0x0080459f                current_fan_adress4
                0x008045a1                dutycycle
                0x008045a5                fanspeed_val1
                0x008045a6                c
                0x008045a7                current_fan_adress5
                0x008045a9                percentage_val
                0x008045ab                store_rpm7
                0x008045af                current_fan_adress6
                0x008045b1                current_fan_adress2
                0x008045b3                fanspeed_val
                0x008045b4                read_val
                0x008045b5                store_rpm6
                0x008045b9                speed
                0x008045bb                fanspeed1
                0x008045bc                current_fan_adress7
                0x008045be                store_rpm3
                0x008045c2                current_fan_adress1
                0x008045c4                modes_var
                0x008045c5                current_fan_adress8
                0x008045c7                automaticspeed_limiter
 COMMON         0x008045c8        0x6 c:/program files (x86)/atmel/studio/7.0/toolchain/avr8/avr8-gnu-toolchain/bin/../lib/gcc/avr/5.4.0/../../../../avr/lib/avrxmega4\libc.a(iob.o)
                0x008045c8                __iob
 COMMON         0x008045ce        0x2 c:/program files (x86)/atmel/studio/7.0/toolchain/avr8/avr8-gnu-toolchain/bin/../lib/gcc/avr/5.4.0/../../../../avr/lib/avrxmega4\libc.a(errno.o)
                0x008045ce                errno
                0x008045d0                PROVIDE (__bss_end, .)
                0x00002792                __data_load_start = LOADADDR (.data)
                0x00002cfe                __data_load_end = (__data_load_start + SIZEOF (.data))

.noinit         0x008045d0        0x0
                [!provide]                PROVIDE (__noinit_start, .)
 *(.noinit*)
                [!provide]                PROVIDE (__noinit_end, .)
                0x008045d0                _end = .
                [!provide]                PROVIDE (__heap_start, .)

.eeprom         0x00810000        0x0
 *(.eeprom*)
                0x00810000                __eeprom_end = .

.fuse
 *(.fuse)
 *(.lfuse)
 *(.hfuse)
 *(.efuse)

.lock
 *(.lock*)

.signature
 *(.signature*)

.user_signatures
 *(.user_signatures*)

.stab
 *(.stab)

.stabstr
 *(.stabstr)

.stab.excl
 *(.stab.excl)

.stab.exclstr
 *(.stab.exclstr)

.stab.index
 *(.stab.index)

.stab.indexstr
 *(.stab.indexstr)

.comment        0x00000000       0x5c
 *(.comment)
 .comment       0x00000000       0x30 eeprommem.o
                                 0x31 (size before relaxing)
 .comment       0x00000030       0x31 main.o
 .comment       0x00000030       0x31 PWM.o
 .comment       0x00000030       0x31 RPM.o
 .comment       0x00000030       0x31 switchstates.o
 .comment       0x00000030       0x31 twi_aht10.o
 .comment       0x00000030       0x31 uart.o
 .comment       0x00000030       0x31 c:/program files (x86)/atmel/studio/7.0/toolchain/avr8/avr8-gnu-toolchain/bin/../lib/gcc/avr/5.4.0/../../../../avr/lib/avrxmega4\libc.a(strtol.o)
 .comment       0x00000030       0x31 c:/program files (x86)/atmel/studio/7.0/toolchain/avr8/avr8-gnu-toolchain/bin/../lib/gcc/avr/5.4.0/../../../../avr/lib/avrxmega4\libc.a(iob.o)
 .comment       0x00000030       0x31 c:/program files (x86)/atmel/studio/7.0/toolchain/avr8/avr8-gnu-toolchain/bin/../lib/gcc/avr/5.4.0/../../../../avr/lib/avrxmega4\libc.a(printf.o)
 .comment       0x00000030       0x31 c:/program files (x86)/atmel/studio/7.0/toolchain/avr8/avr8-gnu-toolchain/bin/../lib/gcc/avr/5.4.0/../../../../avr/lib/avrxmega4\libc.a(putchar.o)
 .comment       0x00000030       0x31 c:/program files (x86)/atmel/studio/7.0/toolchain/avr8/avr8-gnu-toolchain/bin/../lib/gcc/avr/5.4.0/../../../../avr/lib/avrxmega4\libc.a(puts.o)
 .comment       0x00000030       0x2c c:/program files (x86)/atmel/studio/7.0/toolchain/avr8/avr8-gnu-toolchain/bin/../lib/gcc/avr/5.4.0/../../../../avr/lib/avrxmega4\libc.a(vfprintf_std.o)
                                 0x2d (size before relaxing)
 .comment       0x0000005c       0x2d c:/program files (x86)/atmel/studio/7.0/toolchain/avr8/avr8-gnu-toolchain/bin/../lib/gcc/avr/5.4.0/../../../../avr/lib/avrxmega4\libc.a(errno.o)
 .comment       0x0000005c       0x31 c:/program files (x86)/atmel/studio/7.0/toolchain/avr8/avr8-gnu-toolchain/bin/../lib/gcc/avr/5.4.0/../../../../avr/lib/avrxmega4\libc.a(fputc.o)

.note.gnu.avr.deviceinfo
                0x00000000       0x40
 .note.gnu.avr.deviceinfo
                0x00000000       0x40 C:/Program Files (x86)/Atmel/Studio/7.0/Packs/atmel/AVR-Dx_DFP/1.10.114/gcc/dev/avr128db48/avrxmega4/crtavr128db48.o

.note.gnu.build-id
 *(.note.gnu.build-id)

.debug
 *(.debug)

.line
 *(.line)

.debug_srcinfo
 *(.debug_srcinfo)

.debug_sfnames
 *(.debug_sfnames)

.debug_aranges  0x00000000      0x270
 *(.debug_aranges)
 .debug_aranges
                0x00000000       0x50 eeprommem.o
 .debug_aranges
                0x00000050       0x30 main.o
 .debug_aranges
                0x00000080       0x70 PWM.o
 .debug_aranges
                0x000000f0       0x38 RPM.o
 .debug_aranges
                0x00000128       0x58 switchstates.o
 .debug_aranges
                0x00000180       0x48 twi_aht10.o
 .debug_aranges
                0x000001c8       0x48 uart.o
 .debug_aranges
                0x00000210       0x20 C:/Program Files (x86)/Atmel/Studio/7.0/Packs/atmel/AVR-Dx_DFP/1.10.114/gcc/dev/avr128db48/avrxmega4\libavr128db48.a(eerd_byte.o)
 .debug_aranges
                0x00000230       0x20 C:/Program Files (x86)/Atmel/Studio/7.0/Packs/atmel/AVR-Dx_DFP/1.10.114/gcc/dev/avr128db48/avrxmega4\libavr128db48.a(eeupd_byte.o)
 .debug_aranges
                0x00000250       0x20 C:/Program Files (x86)/Atmel/Studio/7.0/Packs/atmel/AVR-Dx_DFP/1.10.114/gcc/dev/avr128db48/avrxmega4\libavr128db48.a(eewr_byte.o)

.debug_pubnames
 *(.debug_pubnames)

.debug_info     0x00000000     0x8274
 *(.debug_info .gnu.linkonce.wi.*)
 .debug_info    0x00000000     0x2f42 C:/Program Files (x86)/Atmel/Studio/7.0/Packs/atmel/AVR-Dx_DFP/1.10.114/gcc/dev/avr128db48/avrxmega4/crtavr128db48.o
 .debug_info    0x00002f42      0xbe6 eeprommem.o
 .debug_info    0x00003b28      0xb27 main.o
 .debug_info    0x0000464f      0xccb PWM.o
 .debug_info    0x0000531a      0xb48 RPM.o
 .debug_info    0x00005e62     0x11be switchstates.o
 .debug_info    0x00007020      0x8d5 twi_aht10.o
 .debug_info    0x000078f5      0x7a1 uart.o
 .debug_info    0x00008096       0x9f C:/Program Files (x86)/Atmel/Studio/7.0/Packs/atmel/AVR-Dx_DFP/1.10.114/gcc/dev/avr128db48/avrxmega4\libavr128db48.a(eerd_byte.o)
 .debug_info    0x00008135       0xa0 C:/Program Files (x86)/Atmel/Studio/7.0/Packs/atmel/AVR-Dx_DFP/1.10.114/gcc/dev/avr128db48/avrxmega4\libavr128db48.a(eeupd_byte.o)
 .debug_info    0x000081d5       0x9f C:/Program Files (x86)/Atmel/Studio/7.0/Packs/atmel/AVR-Dx_DFP/1.10.114/gcc/dev/avr128db48/avrxmega4\libavr128db48.a(eewr_byte.o)

.debug_abbrev   0x00000000     0x3c9e
 *(.debug_abbrev)
 .debug_abbrev  0x00000000     0x2cc2 C:/Program Files (x86)/Atmel/Studio/7.0/Packs/atmel/AVR-Dx_DFP/1.10.114/gcc/dev/avr128db48/avrxmega4/crtavr128db48.o
 .debug_abbrev  0x00002cc2      0x261 eeprommem.o
 .debug_abbrev  0x00002f23      0x2b1 main.o
 .debug_abbrev  0x000031d4      0x152 PWM.o
 .debug_abbrev  0x00003326      0x181 RPM.o
 .debug_abbrev  0x000034a7      0x254 switchstates.o
 .debug_abbrev  0x000036fb      0x2c5 twi_aht10.o
 .debug_abbrev  0x000039c0      0x2a2 uart.o
 .debug_abbrev  0x00003c62       0x14 C:/Program Files (x86)/Atmel/Studio/7.0/Packs/atmel/AVR-Dx_DFP/1.10.114/gcc/dev/avr128db48/avrxmega4\libavr128db48.a(eerd_byte.o)
 .debug_abbrev  0x00003c76       0x14 C:/Program Files (x86)/Atmel/Studio/7.0/Packs/atmel/AVR-Dx_DFP/1.10.114/gcc/dev/avr128db48/avrxmega4\libavr128db48.a(eeupd_byte.o)
 .debug_abbrev  0x00003c8a       0x14 C:/Program Files (x86)/Atmel/Studio/7.0/Packs/atmel/AVR-Dx_DFP/1.10.114/gcc/dev/avr128db48/avrxmega4\libavr128db48.a(eewr_byte.o)

.debug_line     0x00000000     0x1cb9
 *(.debug_line .debug_line.* .debug_line_end)
 .debug_line    0x00000000      0x205 C:/Program Files (x86)/Atmel/Studio/7.0/Packs/atmel/AVR-Dx_DFP/1.10.114/gcc/dev/avr128db48/avrxmega4/crtavr128db48.o
 .debug_line    0x00000205      0x3b3 eeprommem.o
 .debug_line    0x000005b8      0x33e main.o
 .debug_line    0x000008f6      0x39b PWM.o
 .debug_line    0x00000c91      0x17d RPM.o
 .debug_line    0x00000e0e      0x685 switchstates.o
 .debug_line    0x00001493      0x3a3 twi_aht10.o
 .debug_line    0x00001836      0x2b1 uart.o
 .debug_line    0x00001ae7       0x79 C:/Program Files (x86)/Atmel/Studio/7.0/Packs/atmel/AVR-Dx_DFP/1.10.114/gcc/dev/avr128db48/avrxmega4\libavr128db48.a(eerd_byte.o)
 .debug_line    0x00001b60       0x80 C:/Program Files (x86)/Atmel/Studio/7.0/Packs/atmel/AVR-Dx_DFP/1.10.114/gcc/dev/avr128db48/avrxmega4\libavr128db48.a(eeupd_byte.o)
 .debug_line    0x00001be0       0xd9 C:/Program Files (x86)/Atmel/Studio/7.0/Packs/atmel/AVR-Dx_DFP/1.10.114/gcc/dev/avr128db48/avrxmega4\libavr128db48.a(eewr_byte.o)

.debug_frame    0x00000000      0x630
 *(.debug_frame)
 .debug_frame   0x00000000      0x18c eeprommem.o
 .debug_frame   0x0000018c       0xdc main.o
 .debug_frame   0x00000268       0xc4 PWM.o
 .debug_frame   0x0000032c       0x54 RPM.o
 .debug_frame   0x00000380      0x15c switchstates.o
 .debug_frame   0x000004dc       0xa4 twi_aht10.o
 .debug_frame   0x00000580       0xb0 uart.o

.debug_str      0x00000000     0x34cb
 *(.debug_str)
 .debug_str     0x00000000     0x14f0 C:/Program Files (x86)/Atmel/Studio/7.0/Packs/atmel/AVR-Dx_DFP/1.10.114/gcc/dev/avr128db48/avrxmega4/crtavr128db48.o
 .debug_str     0x000014f0      0x68e eeprommem.o
                                0x6dc (size before relaxing)
 .debug_str     0x00001b7e      0x2be main.o
                                0x6bd (size before relaxing)
 .debug_str     0x00001e3c      0x65f PWM.o
                                0x971 (size before relaxing)
 .debug_str     0x0000249b      0xd5c RPM.o
                               0x10cc (size before relaxing)
 .debug_str     0x000031f7       0xa3 switchstates.o
                                0x62e (size before relaxing)
 .debug_str     0x0000329a      0x1cb twi_aht10.o
                                0x57b (size before relaxing)
 .debug_str     0x00003465       0x66 uart.o
                                0x503 (size before relaxing)

.debug_loc      0x00000000     0x152c
 *(.debug_loc)
 .debug_loc     0x00000000      0x60e eeprommem.o
 .debug_loc     0x0000060e      0x284 main.o
 .debug_loc     0x00000892      0x29c PWM.o
 .debug_loc     0x00000b2e      0x42e switchstates.o
 .debug_loc     0x00000f5c      0x38c twi_aht10.o
 .debug_loc     0x000012e8      0x244 uart.o

.debug_macinfo
 *(.debug_macinfo)

.debug_weaknames
 *(.debug_weaknames)

.debug_funcnames
 *(.debug_funcnames)

.debug_typenames
 *(.debug_typenames)

.debug_varnames
 *(.debug_varnames)

.debug_pubtypes
 *(.debug_pubtypes)

.debug_ranges   0x00000000      0x200
 *(.debug_ranges)
 .debug_ranges  0x00000000       0x40 eeprommem.o
 .debug_ranges  0x00000040       0x20 main.o
 .debug_ranges  0x00000060       0x60 PWM.o
 .debug_ranges  0x000000c0       0x28 RPM.o
 .debug_ranges  0x000000e8       0xa8 switchstates.o
 .debug_ranges  0x00000190       0x38 twi_aht10.o
 .debug_ranges  0x000001c8       0x38 uart.o

.debug_macro
 *(.debug_macro)
OUTPUT(Mikrokontrollersystemer_prosjekt.elf elf32-avr)
LOAD linker stubs
